
[1m[46m RUN [49m[22m [36mv4.0.18 [39m[90mC:/Dev/3-Projeto Saas Valuation/saas-valuation[39m

